
> alm-frontend@1.0.0 build
> next build

   Γû▓ Next.js 14.0.0
   - Environments: .env.local

   Creating an optimized production build ...
 Γ£ô Compiled successfully
   Linting and checking validity of types ...
   Collecting page data ...
   Generating static pages (0/28) ...

   Generating static pages (7/28) 

   Generating static pages (14/28) 
 ΓÜá Entire page /reset-password deopted into client-side rendering. https://nextjs.org/docs/messages/deopted-into-client-rendering /reset-password

   Generating static pages (21/28) 

 Γ£ô Generating static pages (28/28) 
   Finalizing page optimization ...
   Collecting build traces ...

Route (app)                              Size     First Load JS
Γöî Γùï /                                    3.06 kB         151 kB
Γö£ Γùï /_not-found                          0 B                0 B
Γö£ Γùï /admin                               141 B            88 kB
Γö£ Γùï /admin/access-requests               2.72 kB         122 kB
Γö£ Γùï /admin/audit                         2.11 kB         115 kB
Γö£ Γùï /admin/candidates                    3.22 kB         122 kB
Γö£ Γùï /admin/dashboard                     110 kB          236 kB
Γö£ Γùï /admin/login                         2.36 kB         122 kB
Γö£ Γùï /admin/members                       5.21 kB         124 kB
Γö£ Γùï /admin/positions                     3.34 kB         123 kB
Γö£ Γùï /admin/requests                      2.77 kB         122 kB
Γö£ Γùï /admin/results                       2.74 kB         122 kB
Γö£ Γùï /admin/results/csv                   2.68 kB         122 kB
Γö£ Γùï /admin/settings                      3.1 kB          122 kB
Γö£ Γùï /admin/teams                         3.92 kB         123 kB
Γö£ Γùï /admin/verification-logs             2.69 kB         115 kB
Γö£ Γùï /admin/vote-choices                  4.53 kB         117 kB
Γö£ Γùï /dashboard                           6.22 kB         161 kB
Γö£ Γùï /forgot-password                     1.63 kB         121 kB
Γö£ Γùï /login                               2.04 kB         121 kB
Γö£ Γùï /register                            4.3 kB         98.8 kB
Γö£ Γùï /reset-password                      1.66 kB         121 kB
Γö£ Γùï /verify-face                         3.55 kB         116 kB
Γö£ Γùï /verify-face/contact-admin           3.47 kB         123 kB
Γö£ Γùï /vote                                4.31 kB         124 kB
Γöö Γùï /vote/confirmation                   1.4 kB         89.3 kB
+ First Load JS shared by all            87.9 kB
  Γö£ chunks/472-955d8272c21e92e4.js       32.5 kB
  Γö£ chunks/fd9d1056-3228530929222a41.js  53.3 kB
  Γö£ chunks/main-app-a2d089545c9e9423.js  235 B
  Γöö chunks/webpack-12364fe609e89a50.js   1.84 kB


Γùï  (Static)  prerendered as static HTML

